Archive member included because of file (symbol)

/usr/local/Cellar/avr-gcc/4.8.3/lib/gcc/avr/4.8.3/avr25/libgcc.a(_exit.o)
                              /usr/local/Cellar/avr-gcc/4.8.3/lib/gcc/avr/4.8.3/../../../../avr/lib/avr25/crttn88.o (exit)
/usr/local/Cellar/avr-gcc/4.8.3/lib/gcc/avr/4.8.3/avr25/libgcc.a(_clear_bss.o)
                              /var/folders/vn/lh8fp8wn313bb460zbdj4_ph0000gn/T//cc2goI6H.ltrans0.ltrans.o (__do_clear_bss)
/usr/local/Cellar/avr-gcc/4.8.3/lib/gcc/avr/4.8.3/avr25/libgcc.a(_ctors.o)
                              /var/folders/vn/lh8fp8wn313bb460zbdj4_ph0000gn/T//cc2goI6H.ltrans0.ltrans.o (__do_global_ctors)
/usr/local/Cellar/avr-gcc/4.8.3/lib/gcc/avr/4.8.3/avr25/libgcc.a(_tablejump.o)
                              /usr/local/Cellar/avr-gcc/4.8.3/lib/gcc/avr/4.8.3/avr25/libgcc.a(_ctors.o) (__tablejump__)

Discarded input sections

 .text          0x0000000000000000        0x0 /var/folders/vn/lh8fp8wn313bb460zbdj4_ph0000gn/T//ccDU73Fu.o (symbol from plugin)

Memory Configuration

Name             Origin             Length             Attributes
text             0x0000000000000000 0x0000000000002000 xr
data             0x0000000000800060 0x000000000000ffa0 rw !x
eeprom           0x0000000000810000 0x0000000000010000 rw !x
fuse             0x0000000000820000 0x0000000000000400 rw !x
lock             0x0000000000830000 0x0000000000000400 rw !x
signature        0x0000000000840000 0x0000000000000400 rw !x
*default*        0x0000000000000000 0xffffffffffffffff

Linker script and memory map

Address of section .data set to 0x800100
LOAD /usr/local/Cellar/avr-gcc/4.8.3/lib/gcc/avr/4.8.3/../../../../avr/lib/avr25/crttn88.o
LOAD /var/folders/vn/lh8fp8wn313bb460zbdj4_ph0000gn/T//ccDU73Fu.o
LOAD /var/folders/vn/lh8fp8wn313bb460zbdj4_ph0000gn/T//cc2goI6H.ltrans0.ltrans.o
LOAD /usr/local/Cellar/avr-gcc/4.8.3/lib/gcc/avr/4.8.3/avr25/libgcc.a
LOAD /usr/local/Cellar/avr-gcc/4.8.3/lib/gcc/avr/4.8.3/../../../../avr/lib/avr25/libm.a
LOAD /usr/local/Cellar/avr-gcc/4.8.3/lib/gcc/avr/4.8.3/../../../../avr/lib/avr25/libc.a
LOAD /usr/local/Cellar/avr-gcc/4.8.3/lib/gcc/avr/4.8.3/avr25/libgcc.a
LOAD /usr/local/Cellar/avr-gcc/4.8.3/lib/gcc/avr/4.8.3/../../../../avr/lib/avr25/libm.a
START GROUP
LOAD /usr/local/Cellar/avr-gcc/4.8.3/lib/gcc/avr/4.8.3/avr25/libgcc.a
LOAD /usr/local/Cellar/avr-gcc/4.8.3/lib/gcc/avr/4.8.3/../../../../avr/lib/avr25/libm.a
LOAD /usr/local/Cellar/avr-gcc/4.8.3/lib/gcc/avr/4.8.3/../../../../avr/lib/avr25/libc.a
END GROUP

.hash
 *(.hash)

.dynsym
 *(.dynsym)

.dynstr
 *(.dynstr)

.gnu.version
 *(.gnu.version)

.gnu.version_d
 *(.gnu.version_d)

.gnu.version_r
 *(.gnu.version_r)

.rel.init
 *(.rel.init)

.rela.init
 *(.rela.init)

.rel.text
 *(.rel.text)
 *(.rel.text.*)
 *(.rel.gnu.linkonce.t*)

.rela.text
 *(.rela.text)
 *(.rela.text.*)
 *(.rela.gnu.linkonce.t*)

.rel.fini
 *(.rel.fini)

.rela.fini
 *(.rela.fini)

.rel.rodata
 *(.rel.rodata)
 *(.rel.rodata.*)
 *(.rel.gnu.linkonce.r*)

.rela.rodata
 *(.rela.rodata)
 *(.rela.rodata.*)
 *(.rela.gnu.linkonce.r*)

.rel.data
 *(.rel.data)
 *(.rel.data.*)
 *(.rel.gnu.linkonce.d*)

.rela.data
 *(.rela.data)
 *(.rela.data.*)
 *(.rela.gnu.linkonce.d*)

.rel.ctors
 *(.rel.ctors)

.rela.ctors
 *(.rela.ctors)

.rel.dtors
 *(.rel.dtors)

.rela.dtors
 *(.rela.dtors)

.rel.got
 *(.rel.got)

.rela.got
 *(.rela.got)

.rel.bss
 *(.rel.bss)

.rela.bss
 *(.rela.bss)

.rel.plt
 *(.rel.plt)

.rela.plt
 *(.rela.plt)

.text           0x0000000000000000      0x236
 *(.vectors)
 .vectors       0x0000000000000000       0x28 /usr/local/Cellar/avr-gcc/4.8.3/lib/gcc/avr/4.8.3/../../../../avr/lib/avr25/crttn88.o
                0x0000000000000000                __vectors
                0x0000000000000000                __vector_default
 *(.vectors)
 *(.progmem.gcc*)
                0x0000000000000028                . = ALIGN (0x2)
                0x0000000000000028                __trampolines_start = .
 *(.trampolines)
 .trampolines   0x0000000000000028        0x0 linker stubs
 *(.trampolines*)
                0x0000000000000028                __trampolines_end = .
 *(.progmem*)
                0x0000000000000028                . = ALIGN (0x2)
 *(.jumptables)
 *(.jumptables*)
 *(.lowtext)
 *(.lowtext*)
                0x0000000000000028                __ctors_start = .
 *(.ctors)
 .ctors         0x0000000000000028        0x2 /var/folders/vn/lh8fp8wn313bb460zbdj4_ph0000gn/T//cc2goI6H.ltrans0.ltrans.o
                0x000000000000002a                __ctors_end = .
                0x000000000000002a                __dtors_start = .
 *(.dtors)
                0x000000000000002a                __dtors_end = .
 SORT(*)(.ctors)
 SORT(*)(.dtors)
 *(.init0)
 .init0         0x000000000000002a        0x0 /usr/local/Cellar/avr-gcc/4.8.3/lib/gcc/avr/4.8.3/../../../../avr/lib/avr25/crttn88.o
                0x000000000000002a                __init
 *(.init0)
 *(.init1)
 *(.init1)
 *(.init2)
 .init2         0x000000000000002a        0xc /usr/local/Cellar/avr-gcc/4.8.3/lib/gcc/avr/4.8.3/../../../../avr/lib/avr25/crttn88.o
 *(.init2)
 *(.init3)
 *(.init3)
 *(.init4)
 .init4         0x0000000000000036       0x10 /usr/local/Cellar/avr-gcc/4.8.3/lib/gcc/avr/4.8.3/avr25/libgcc.a(_clear_bss.o)
                0x0000000000000036                __do_clear_bss
 *(.init4)
 *(.init5)
 *(.init5)
 *(.init6)
 .init6         0x0000000000000046       0x14 /usr/local/Cellar/avr-gcc/4.8.3/lib/gcc/avr/4.8.3/avr25/libgcc.a(_ctors.o)
                0x0000000000000046                __do_global_ctors
 *(.init6)
 *(.init7)
 *(.init7)
 *(.init8)
 *(.init8)
 *(.init9)
 .init9         0x000000000000005a        0x4 /usr/local/Cellar/avr-gcc/4.8.3/lib/gcc/avr/4.8.3/../../../../avr/lib/avr25/crttn88.o
 *(.init9)
 *(.text)
 .text          0x000000000000005e        0x2 /usr/local/Cellar/avr-gcc/4.8.3/lib/gcc/avr/4.8.3/../../../../avr/lib/avr25/crttn88.o
                0x000000000000005e                __vector_18
                0x000000000000005e                __vector_12
                0x000000000000005e                __bad_interrupt
                0x000000000000005e                __vector_6
                0x000000000000005e                __vector_3
                0x000000000000005e                __vector_11
                0x000000000000005e                __vector_13
                0x000000000000005e                __vector_17
                0x000000000000005e                __vector_19
                0x000000000000005e                __vector_7
                0x000000000000005e                __vector_5
                0x000000000000005e                __vector_9
                0x000000000000005e                __vector_2
                0x000000000000005e                __vector_15
                0x000000000000005e                __vector_8
                0x000000000000005e                __vector_10
                0x000000000000005e                __vector_16
                0x000000000000005e                __vector_1
 .text          0x0000000000000060       0xde /var/folders/vn/lh8fp8wn313bb460zbdj4_ph0000gn/T//cc2goI6H.ltrans0.ltrans.o
                0x0000000000000060                __vector_4
                0x0000000000000074                __vector_14
 .text          0x000000000000013e        0x0 /usr/local/Cellar/avr-gcc/4.8.3/lib/gcc/avr/4.8.3/avr25/libgcc.a(_clear_bss.o)
 .text          0x000000000000013e        0x0 /usr/local/Cellar/avr-gcc/4.8.3/lib/gcc/avr/4.8.3/avr25/libgcc.a(_ctors.o)
 .text          0x000000000000013e        0x0 /usr/local/Cellar/avr-gcc/4.8.3/lib/gcc/avr/4.8.3/avr25/libgcc.a(_tablejump.o)
 .text          0x000000000000013e        0x0 /usr/local/Cellar/avr-gcc/4.8.3/lib/gcc/avr/4.8.3/avr25/libgcc.a(_exit.o)
                0x000000000000013e                . = ALIGN (0x2)
 *(.text.*)
 .text.startup  0x000000000000013e       0xe8 /var/folders/vn/lh8fp8wn313bb460zbdj4_ph0000gn/T//cc2goI6H.ltrans0.ltrans.o
                0x0000000000000148                main
 .text.libgcc.mul
                0x0000000000000226        0x0 /usr/local/Cellar/avr-gcc/4.8.3/lib/gcc/avr/4.8.3/avr25/libgcc.a(_clear_bss.o)
 .text.libgcc.div
                0x0000000000000226        0x0 /usr/local/Cellar/avr-gcc/4.8.3/lib/gcc/avr/4.8.3/avr25/libgcc.a(_clear_bss.o)
 .text.libgcc   0x0000000000000226        0x0 /usr/local/Cellar/avr-gcc/4.8.3/lib/gcc/avr/4.8.3/avr25/libgcc.a(_clear_bss.o)
 .text.libgcc.prologue
                0x0000000000000226        0x0 /usr/local/Cellar/avr-gcc/4.8.3/lib/gcc/avr/4.8.3/avr25/libgcc.a(_clear_bss.o)
 .text.libgcc.builtins
                0x0000000000000226        0x0 /usr/local/Cellar/avr-gcc/4.8.3/lib/gcc/avr/4.8.3/avr25/libgcc.a(_clear_bss.o)
 .text.libgcc.fmul
                0x0000000000000226        0x0 /usr/local/Cellar/avr-gcc/4.8.3/lib/gcc/avr/4.8.3/avr25/libgcc.a(_clear_bss.o)
 .text.libgcc.fixed
                0x0000000000000226        0x0 /usr/local/Cellar/avr-gcc/4.8.3/lib/gcc/avr/4.8.3/avr25/libgcc.a(_clear_bss.o)
 .text.libgcc.mul
                0x0000000000000226        0x0 /usr/local/Cellar/avr-gcc/4.8.3/lib/gcc/avr/4.8.3/avr25/libgcc.a(_ctors.o)
 .text.libgcc.div
                0x0000000000000226        0x0 /usr/local/Cellar/avr-gcc/4.8.3/lib/gcc/avr/4.8.3/avr25/libgcc.a(_ctors.o)
 .text.libgcc   0x0000000000000226        0x0 /usr/local/Cellar/avr-gcc/4.8.3/lib/gcc/avr/4.8.3/avr25/libgcc.a(_ctors.o)
 .text.libgcc.prologue
                0x0000000000000226        0x0 /usr/local/Cellar/avr-gcc/4.8.3/lib/gcc/avr/4.8.3/avr25/libgcc.a(_ctors.o)
 .text.libgcc.builtins
                0x0000000000000226        0x0 /usr/local/Cellar/avr-gcc/4.8.3/lib/gcc/avr/4.8.3/avr25/libgcc.a(_ctors.o)
 .text.libgcc.fmul
                0x0000000000000226        0x0 /usr/local/Cellar/avr-gcc/4.8.3/lib/gcc/avr/4.8.3/avr25/libgcc.a(_ctors.o)
 .text.libgcc.fixed
                0x0000000000000226        0x0 /usr/local/Cellar/avr-gcc/4.8.3/lib/gcc/avr/4.8.3/avr25/libgcc.a(_ctors.o)
 .text.libgcc.mul
                0x0000000000000226        0x0 /usr/local/Cellar/avr-gcc/4.8.3/lib/gcc/avr/4.8.3/avr25/libgcc.a(_tablejump.o)
 .text.libgcc.div
                0x0000000000000226        0x0 /usr/local/Cellar/avr-gcc/4.8.3/lib/gcc/avr/4.8.3/avr25/libgcc.a(_tablejump.o)
 .text.libgcc   0x0000000000000226        0xc /usr/local/Cellar/avr-gcc/4.8.3/lib/gcc/avr/4.8.3/avr25/libgcc.a(_tablejump.o)
                0x0000000000000226                __tablejump2__
                0x000000000000022a                __tablejump__
 .text.libgcc.prologue
                0x0000000000000232        0x0 /usr/local/Cellar/avr-gcc/4.8.3/lib/gcc/avr/4.8.3/avr25/libgcc.a(_tablejump.o)
 .text.libgcc.builtins
                0x0000000000000232        0x0 /usr/local/Cellar/avr-gcc/4.8.3/lib/gcc/avr/4.8.3/avr25/libgcc.a(_tablejump.o)
 .text.libgcc.fmul
                0x0000000000000232        0x0 /usr/local/Cellar/avr-gcc/4.8.3/lib/gcc/avr/4.8.3/avr25/libgcc.a(_tablejump.o)
 .text.libgcc.fixed
                0x0000000000000232        0x0 /usr/local/Cellar/avr-gcc/4.8.3/lib/gcc/avr/4.8.3/avr25/libgcc.a(_tablejump.o)
 .text.libgcc.mul
                0x0000000000000232        0x0 /usr/local/Cellar/avr-gcc/4.8.3/lib/gcc/avr/4.8.3/avr25/libgcc.a(_exit.o)
 .text.libgcc.div
                0x0000000000000232        0x0 /usr/local/Cellar/avr-gcc/4.8.3/lib/gcc/avr/4.8.3/avr25/libgcc.a(_exit.o)
 .text.libgcc   0x0000000000000232        0x0 /usr/local/Cellar/avr-gcc/4.8.3/lib/gcc/avr/4.8.3/avr25/libgcc.a(_exit.o)
 .text.libgcc.prologue
                0x0000000000000232        0x0 /usr/local/Cellar/avr-gcc/4.8.3/lib/gcc/avr/4.8.3/avr25/libgcc.a(_exit.o)
 .text.libgcc.builtins
                0x0000000000000232        0x0 /usr/local/Cellar/avr-gcc/4.8.3/lib/gcc/avr/4.8.3/avr25/libgcc.a(_exit.o)
 .text.libgcc.fmul
                0x0000000000000232        0x0 /usr/local/Cellar/avr-gcc/4.8.3/lib/gcc/avr/4.8.3/avr25/libgcc.a(_exit.o)
 .text.libgcc.fixed
                0x0000000000000232        0x0 /usr/local/Cellar/avr-gcc/4.8.3/lib/gcc/avr/4.8.3/avr25/libgcc.a(_exit.o)
                0x0000000000000232                . = ALIGN (0x2)
 *(.fini9)
 .fini9         0x0000000000000232        0x0 /usr/local/Cellar/avr-gcc/4.8.3/lib/gcc/avr/4.8.3/avr25/libgcc.a(_exit.o)
                0x0000000000000232                exit
                0x0000000000000232                _exit
 *(.fini9)
 *(.fini8)
 *(.fini8)
 *(.fini7)
 *(.fini7)
 *(.fini6)
 *(.fini6)
 *(.fini5)
 *(.fini5)
 *(.fini4)
 *(.fini4)
 *(.fini3)
 *(.fini3)
 *(.fini2)
 *(.fini2)
 *(.fini1)
 *(.fini1)
 *(.fini0)
 .fini0         0x0000000000000232        0x4 /usr/local/Cellar/avr-gcc/4.8.3/lib/gcc/avr/4.8.3/avr25/libgcc.a(_exit.o)
 *(.fini0)
                0x0000000000000236                _etext = .

.data           0x0000000000800100        0x0 load address 0x0000000000000236
                0x0000000000800100                PROVIDE (__data_start, .)
 *(.data)
 .data          0x0000000000800100        0x0 /usr/local/Cellar/avr-gcc/4.8.3/lib/gcc/avr/4.8.3/../../../../avr/lib/avr25/crttn88.o
 .data          0x0000000000800100        0x0 /var/folders/vn/lh8fp8wn313bb460zbdj4_ph0000gn/T//cc2goI6H.ltrans0.ltrans.o
 .data          0x0000000000800100        0x0 /usr/local/Cellar/avr-gcc/4.8.3/lib/gcc/avr/4.8.3/avr25/libgcc.a(_clear_bss.o)
 .data          0x0000000000800100        0x0 /usr/local/Cellar/avr-gcc/4.8.3/lib/gcc/avr/4.8.3/avr25/libgcc.a(_ctors.o)
 .data          0x0000000000800100        0x0 /usr/local/Cellar/avr-gcc/4.8.3/lib/gcc/avr/4.8.3/avr25/libgcc.a(_tablejump.o)
 .data          0x0000000000800100        0x0 /usr/local/Cellar/avr-gcc/4.8.3/lib/gcc/avr/4.8.3/avr25/libgcc.a(_exit.o)
 *(.data*)
 *(.rodata)
 *(.rodata*)
 *(.gnu.linkonce.d*)
                0x0000000000800100                . = ALIGN (0x2)
                0x0000000000800100                _edata = .
                0x0000000000800100                PROVIDE (__data_end, .)

.bss            0x0000000000800100       0x16
                0x0000000000800100                PROVIDE (__bss_start, .)
 *(.bss)
 .bss           0x0000000000800100        0x0 /usr/local/Cellar/avr-gcc/4.8.3/lib/gcc/avr/4.8.3/../../../../avr/lib/avr25/crttn88.o
 .bss           0x0000000000800100       0x16 /var/folders/vn/lh8fp8wn313bb460zbdj4_ph0000gn/T//cc2goI6H.ltrans0.ltrans.o
 .bss           0x0000000000800116        0x0 /usr/local/Cellar/avr-gcc/4.8.3/lib/gcc/avr/4.8.3/avr25/libgcc.a(_clear_bss.o)
 .bss           0x0000000000800116        0x0 /usr/local/Cellar/avr-gcc/4.8.3/lib/gcc/avr/4.8.3/avr25/libgcc.a(_ctors.o)
 .bss           0x0000000000800116        0x0 /usr/local/Cellar/avr-gcc/4.8.3/lib/gcc/avr/4.8.3/avr25/libgcc.a(_tablejump.o)
 .bss           0x0000000000800116        0x0 /usr/local/Cellar/avr-gcc/4.8.3/lib/gcc/avr/4.8.3/avr25/libgcc.a(_exit.o)
 *(.bss*)
 *(COMMON)
                0x0000000000800116                PROVIDE (__bss_end, .)
                0x0000000000000236                __data_load_start = LOADADDR (.data)
                0x0000000000000236                __data_load_end = (__data_load_start + SIZEOF (.data))

.noinit         0x0000000000800116        0x0
                0x0000000000800116                PROVIDE (__noinit_start, .)
 *(.noinit*)
                0x0000000000800116                PROVIDE (__noinit_end, .)
                0x0000000000800116                _end = .
                0x0000000000800116                PROVIDE (__heap_start, .)

.eeprom         0x0000000000810000        0x0
 *(.eeprom*)
                0x0000000000810000                __eeprom_end = .

.fuse
 *(.fuse)
 *(.lfuse)
 *(.hfuse)
 *(.efuse)

.lock
 *(.lock*)

.signature
 *(.signature*)

.stab
 *(.stab)

.stabstr
 *(.stabstr)

.stab.excl
 *(.stab.excl)

.stab.exclstr
 *(.stab.exclstr)

.stab.index
 *(.stab.index)

.stab.indexstr
 *(.stab.indexstr)

.comment        0x0000000000000000       0x11
 *(.comment)
 .comment       0x0000000000000000       0x11 /var/folders/vn/lh8fp8wn313bb460zbdj4_ph0000gn/T//cc2goI6H.ltrans0.ltrans.o
                                         0x12 (size before relaxing)

.note.gnu.build-id
 *(.note.gnu.build-id)

.debug
 *(.debug)

.line
 *(.line)

.debug_srcinfo
 *(.debug_srcinfo)

.debug_sfnames
 *(.debug_sfnames)

.debug_aranges  0x0000000000000000       0x80
 *(.debug_aranges)
 .debug_aranges
                0x0000000000000000       0x20 /usr/local/Cellar/avr-gcc/4.8.3/lib/gcc/avr/4.8.3/avr25/libgcc.a(_clear_bss.o)
 .debug_aranges
                0x0000000000000020       0x20 /usr/local/Cellar/avr-gcc/4.8.3/lib/gcc/avr/4.8.3/avr25/libgcc.a(_ctors.o)
 .debug_aranges
                0x0000000000000040       0x20 /usr/local/Cellar/avr-gcc/4.8.3/lib/gcc/avr/4.8.3/avr25/libgcc.a(_tablejump.o)
 .debug_aranges
                0x0000000000000060       0x20 /usr/local/Cellar/avr-gcc/4.8.3/lib/gcc/avr/4.8.3/avr25/libgcc.a(_exit.o)

.debug_pubnames
 *(.debug_pubnames)

.debug_info     0x0000000000000000      0x7e2
 *(.debug_info .gnu.linkonce.wi.*)
 .debug_info    0x0000000000000000      0x576 /usr/local/Cellar/avr-gcc/4.8.3/lib/gcc/avr/4.8.3/../../../../avr/lib/avr25/crttn88.o
 .debug_info    0x0000000000000576       0x9b /usr/local/Cellar/avr-gcc/4.8.3/lib/gcc/avr/4.8.3/avr25/libgcc.a(_clear_bss.o)
 .debug_info    0x0000000000000611       0x9b /usr/local/Cellar/avr-gcc/4.8.3/lib/gcc/avr/4.8.3/avr25/libgcc.a(_ctors.o)
 .debug_info    0x00000000000006ac       0x9b /usr/local/Cellar/avr-gcc/4.8.3/lib/gcc/avr/4.8.3/avr25/libgcc.a(_tablejump.o)
 .debug_info    0x0000000000000747       0x9b /usr/local/Cellar/avr-gcc/4.8.3/lib/gcc/avr/4.8.3/avr25/libgcc.a(_exit.o)

.debug_abbrev   0x0000000000000000      0x57b
 *(.debug_abbrev)
 .debug_abbrev  0x0000000000000000      0x52b /usr/local/Cellar/avr-gcc/4.8.3/lib/gcc/avr/4.8.3/../../../../avr/lib/avr25/crttn88.o
 .debug_abbrev  0x000000000000052b       0x14 /usr/local/Cellar/avr-gcc/4.8.3/lib/gcc/avr/4.8.3/avr25/libgcc.a(_clear_bss.o)
 .debug_abbrev  0x000000000000053f       0x14 /usr/local/Cellar/avr-gcc/4.8.3/lib/gcc/avr/4.8.3/avr25/libgcc.a(_ctors.o)
 .debug_abbrev  0x0000000000000553       0x14 /usr/local/Cellar/avr-gcc/4.8.3/lib/gcc/avr/4.8.3/avr25/libgcc.a(_tablejump.o)
 .debug_abbrev  0x0000000000000567       0x14 /usr/local/Cellar/avr-gcc/4.8.3/lib/gcc/avr/4.8.3/avr25/libgcc.a(_exit.o)

.debug_line     0x0000000000000000      0x19b
 *(.debug_line .debug_line.* .debug_line_end)
 .debug_line    0x0000000000000000       0x1d /usr/local/Cellar/avr-gcc/4.8.3/lib/gcc/avr/4.8.3/../../../../avr/lib/avr25/crttn88.o
 .debug_line    0x000000000000001d       0x61 /usr/local/Cellar/avr-gcc/4.8.3/lib/gcc/avr/4.8.3/avr25/libgcc.a(_clear_bss.o)
 .debug_line    0x000000000000007e       0x63 /usr/local/Cellar/avr-gcc/4.8.3/lib/gcc/avr/4.8.3/avr25/libgcc.a(_ctors.o)
 .debug_line    0x00000000000000e1       0x5f /usr/local/Cellar/avr-gcc/4.8.3/lib/gcc/avr/4.8.3/avr25/libgcc.a(_tablejump.o)
 .debug_line    0x0000000000000140       0x5b /usr/local/Cellar/avr-gcc/4.8.3/lib/gcc/avr/4.8.3/avr25/libgcc.a(_exit.o)

.debug_frame
 *(.debug_frame)

.debug_str      0x0000000000000000      0x1d9
 *(.debug_str)
 .debug_str     0x0000000000000000      0x1d9 /usr/local/Cellar/avr-gcc/4.8.3/lib/gcc/avr/4.8.3/../../../../avr/lib/avr25/crttn88.o

.debug_loc
 *(.debug_loc)

.debug_macinfo
 *(.debug_macinfo)

.debug_weaknames
 *(.debug_weaknames)

.debug_funcnames
 *(.debug_funcnames)

.debug_typenames
 *(.debug_typenames)

.debug_varnames
 *(.debug_varnames)

.debug_pubtypes
 *(.debug_pubtypes)

.debug_ranges
 *(.debug_ranges)

.debug_macro
 *(.debug_macro)
OUTPUT(main.elf elf32-avr)
LOAD linker stubs

Cross Reference Table

Symbol                                            File
Display::turn_off()                               /var/folders/vn/lh8fp8wn313bb460zbdj4_ph0000gn/T//ccDU73Fu.o (symbol from plugin)
Display::turn_on()                                /var/folders/vn/lh8fp8wn313bb460zbdj4_ph0000gn/T//ccDU73Fu.o (symbol from plugin)
System::loop()                                    /var/folders/vn/lh8fp8wn313bb460zbdj4_ph0000gn/T//ccDU73Fu.o (symbol from plugin)
__bad_interrupt                                   /usr/local/Cellar/avr-gcc/4.8.3/lib/gcc/avr/4.8.3/../../../../avr/lib/avr25/crttn88.o
__bss_end                                         /usr/local/Cellar/avr-gcc/4.8.3/lib/gcc/avr/4.8.3/avr25/libgcc.a(_clear_bss.o)
__bss_start                                       /usr/local/Cellar/avr-gcc/4.8.3/lib/gcc/avr/4.8.3/avr25/libgcc.a(_clear_bss.o)
__ctors_end                                       /usr/local/Cellar/avr-gcc/4.8.3/lib/gcc/avr/4.8.3/avr25/libgcc.a(_ctors.o)
__ctors_start                                     /usr/local/Cellar/avr-gcc/4.8.3/lib/gcc/avr/4.8.3/avr25/libgcc.a(_ctors.o)
__do_clear_bss                                    /usr/local/Cellar/avr-gcc/4.8.3/lib/gcc/avr/4.8.3/avr25/libgcc.a(_clear_bss.o)
                                                  /var/folders/vn/lh8fp8wn313bb460zbdj4_ph0000gn/T//cc2goI6H.ltrans0.ltrans.o
__do_global_ctors                                 /usr/local/Cellar/avr-gcc/4.8.3/lib/gcc/avr/4.8.3/avr25/libgcc.a(_ctors.o)
                                                  /var/folders/vn/lh8fp8wn313bb460zbdj4_ph0000gn/T//cc2goI6H.ltrans0.ltrans.o
__heap_end                                        /usr/local/Cellar/avr-gcc/4.8.3/lib/gcc/avr/4.8.3/../../../../avr/lib/avr25/crttn88.o
__init                                            /usr/local/Cellar/avr-gcc/4.8.3/lib/gcc/avr/4.8.3/../../../../avr/lib/avr25/crttn88.o
__stack                                           /usr/local/Cellar/avr-gcc/4.8.3/lib/gcc/avr/4.8.3/../../../../avr/lib/avr25/crttn88.o
__tablejump2__                                    /usr/local/Cellar/avr-gcc/4.8.3/lib/gcc/avr/4.8.3/avr25/libgcc.a(_tablejump.o)
__tablejump__                                     /usr/local/Cellar/avr-gcc/4.8.3/lib/gcc/avr/4.8.3/avr25/libgcc.a(_tablejump.o)
                                                  /usr/local/Cellar/avr-gcc/4.8.3/lib/gcc/avr/4.8.3/avr25/libgcc.a(_ctors.o)
__vector_1                                        /usr/local/Cellar/avr-gcc/4.8.3/lib/gcc/avr/4.8.3/../../../../avr/lib/avr25/crttn88.o
__vector_10                                       /usr/local/Cellar/avr-gcc/4.8.3/lib/gcc/avr/4.8.3/../../../../avr/lib/avr25/crttn88.o
__vector_11                                       /usr/local/Cellar/avr-gcc/4.8.3/lib/gcc/avr/4.8.3/../../../../avr/lib/avr25/crttn88.o
__vector_12                                       /usr/local/Cellar/avr-gcc/4.8.3/lib/gcc/avr/4.8.3/../../../../avr/lib/avr25/crttn88.o
__vector_13                                       /usr/local/Cellar/avr-gcc/4.8.3/lib/gcc/avr/4.8.3/../../../../avr/lib/avr25/crttn88.o
__vector_14                                       /var/folders/vn/lh8fp8wn313bb460zbdj4_ph0000gn/T//cc2goI6H.ltrans0.ltrans.o
                                                  /var/folders/vn/lh8fp8wn313bb460zbdj4_ph0000gn/T//ccDU73Fu.o (symbol from plugin)
                                                  /usr/local/Cellar/avr-gcc/4.8.3/lib/gcc/avr/4.8.3/../../../../avr/lib/avr25/crttn88.o
__vector_15                                       /usr/local/Cellar/avr-gcc/4.8.3/lib/gcc/avr/4.8.3/../../../../avr/lib/avr25/crttn88.o
__vector_16                                       /usr/local/Cellar/avr-gcc/4.8.3/lib/gcc/avr/4.8.3/../../../../avr/lib/avr25/crttn88.o
__vector_17                                       /usr/local/Cellar/avr-gcc/4.8.3/lib/gcc/avr/4.8.3/../../../../avr/lib/avr25/crttn88.o
__vector_18                                       /usr/local/Cellar/avr-gcc/4.8.3/lib/gcc/avr/4.8.3/../../../../avr/lib/avr25/crttn88.o
__vector_19                                       /usr/local/Cellar/avr-gcc/4.8.3/lib/gcc/avr/4.8.3/../../../../avr/lib/avr25/crttn88.o
__vector_2                                        /usr/local/Cellar/avr-gcc/4.8.3/lib/gcc/avr/4.8.3/../../../../avr/lib/avr25/crttn88.o
__vector_3                                        /usr/local/Cellar/avr-gcc/4.8.3/lib/gcc/avr/4.8.3/../../../../avr/lib/avr25/crttn88.o
__vector_4                                        /var/folders/vn/lh8fp8wn313bb460zbdj4_ph0000gn/T//cc2goI6H.ltrans0.ltrans.o
                                                  /var/folders/vn/lh8fp8wn313bb460zbdj4_ph0000gn/T//ccDU73Fu.o (symbol from plugin)
                                                  /usr/local/Cellar/avr-gcc/4.8.3/lib/gcc/avr/4.8.3/../../../../avr/lib/avr25/crttn88.o
__vector_5                                        /usr/local/Cellar/avr-gcc/4.8.3/lib/gcc/avr/4.8.3/../../../../avr/lib/avr25/crttn88.o
__vector_6                                        /usr/local/Cellar/avr-gcc/4.8.3/lib/gcc/avr/4.8.3/../../../../avr/lib/avr25/crttn88.o
__vector_7                                        /usr/local/Cellar/avr-gcc/4.8.3/lib/gcc/avr/4.8.3/../../../../avr/lib/avr25/crttn88.o
__vector_8                                        /usr/local/Cellar/avr-gcc/4.8.3/lib/gcc/avr/4.8.3/../../../../avr/lib/avr25/crttn88.o
__vector_9                                        /usr/local/Cellar/avr-gcc/4.8.3/lib/gcc/avr/4.8.3/../../../../avr/lib/avr25/crttn88.o
__vector_default                                  /usr/local/Cellar/avr-gcc/4.8.3/lib/gcc/avr/4.8.3/../../../../avr/lib/avr25/crttn88.o
__vectors                                         /usr/local/Cellar/avr-gcc/4.8.3/lib/gcc/avr/4.8.3/../../../../avr/lib/avr25/crttn88.o
_exit                                             /usr/local/Cellar/avr-gcc/4.8.3/lib/gcc/avr/4.8.3/avr25/libgcc.a(_exit.o)
disp                                              /var/folders/vn/lh8fp8wn313bb460zbdj4_ph0000gn/T//ccDU73Fu.o (symbol from plugin)
display                                           /var/folders/vn/lh8fp8wn313bb460zbdj4_ph0000gn/T//ccDU73Fu.o (symbol from plugin)
exit                                              /usr/local/Cellar/avr-gcc/4.8.3/lib/gcc/avr/4.8.3/avr25/libgcc.a(_exit.o)
                                                  /usr/local/Cellar/avr-gcc/4.8.3/lib/gcc/avr/4.8.3/../../../../avr/lib/avr25/crttn88.o
main                                              /var/folders/vn/lh8fp8wn313bb460zbdj4_ph0000gn/T//cc2goI6H.ltrans0.ltrans.o
                                                  /var/folders/vn/lh8fp8wn313bb460zbdj4_ph0000gn/T//ccDU73Fu.o (symbol from plugin)
                                                  /usr/local/Cellar/avr-gcc/4.8.3/lib/gcc/avr/4.8.3/../../../../avr/lib/avr25/crttn88.o
rocket                                            /var/folders/vn/lh8fp8wn313bb460zbdj4_ph0000gn/T//ccDU73Fu.o (symbol from plugin)
